Category: 📺央视频道, Name: CCTV-1, Total: 133, Valid: 52, Valid Percent: 39.10%, Whitelist: 0, IPv4: 9, IPv6: 124, Min Delay: 0.1 ms, Max Speed: 6.81 M/s, Avg Speed: 0.38 M/s, Max Resolution: 1920x1080
Category: 📺央视频道, Name: CCTV-2, Total: 161, Valid: 72, Valid Percent: 44.72%, Whitelist: 0, IPv4: 4, IPv6: 157, Min Delay: 0.1 ms, Max Speed: 5.72 M/s, Avg Speed: 0.09 M/s, Max Resolution: 1920x1080
Category: 📺央视频道, Name: CCTV-3, Total: 134, Valid: 58, Valid Percent: 43.28%, Whitelist: 0, IPv4: 5, IPv6: 129, Min Delay: 0.1 ms, Max Speed: 7.11 M/s, Avg Speed: 0.13 M/s, Max Resolution: 1920x1080
Category: 📺央视频道, Name: CCTV-4, Total: 253, Valid: 65, Valid Percent: 25.69%, Whitelist: 0, IPv4: 7, IPv6: 246, Min Delay: 0.1 ms, Max Speed: 5.33 M/s, Avg Speed: 0.14 M/s, Max Resolution: 1920x1080
Category: 📺央视频道, Name: CCTV-5, Total: 202, Valid: 44, Valid Percent: 21.78%, Whitelist: 0, IPv4: 7, IPv6: 195, Min Delay: 0.1 ms, Max Speed: 67.84 M/s, Avg Speed: 1.72 M/s, Max Resolution: 1920x1080
Category: 📺央视频道, Name: CCTV-5+, Total: 62, Valid: 41, Valid Percent: 66.13%, Whitelist: 0, IPv4: 0, IPv6: 62, Min Delay: 0.1 ms, Max Speed: 0.00 M/s, Avg Speed: 0.00 M/s, Max Resolution: 1920x1080
Category: 📺央视频道, Name: CCTV-6, Total: 127, Valid: 41, Valid Percent: 32.28%, Whitelist: 0, IPv4: 6, IPv6: 121, Min Delay: 0.1 ms, Max Speed: 4.32 M/s, Avg Speed: 0.24 M/s, Max Resolution: 1920x1080
Category: 📺央视频道, Name: CCTV-7, Total: 141, Valid: 65, Valid Percent: 46.10%, Whitelist: 0, IPv4: 6, IPv6: 135, Min Delay: 0.1 ms, Max Speed: 1.16 M/s, Avg Speed: 0.04 M/s, Max Resolution: 1920x1080
Category: 📺央视频道, Name: CCTV-8, Total: 134, Valid: 54, Valid Percent: 40.30%, Whitelist: 0, IPv4: 7, IPv6: 127, Min Delay: 0.1 ms, Max Speed: 2.35 M/s, Avg Speed: 0.12 M/s, Max Resolution: 1920x1080
Category: 📺央视频道, Name: CCTV-9, Total: 149, Valid: 67, Valid Percent: 44.97%, Whitelist: 0, IPv4: 9, IPv6: 140, Min Delay: 0.1 ms, Max Speed: 3.84 M/s, Avg Speed: 0.12 M/s, Max Resolution: 1920x1080
Category: 📺央视频道, Name: CCTV-10, Total: 146, Valid: 66, Valid Percent: 45.21%, Whitelist: 0, IPv4: 9, IPv6: 137, Min Delay: 0.1 ms, Max Speed: 7.87 M/s, Avg Speed: 0.30 M/s, Max Resolution: 1920x1080
Category: 📺央视频道, Name: CCTV-11, Total: 157, Valid: 74, Valid Percent: 47.13%, Whitelist: 0, IPv4: 8, IPv6: 149, Min Delay: 0.1 ms, Max Speed: 7.19 M/s, Avg Speed: 0.34 M/s, Max Resolution: 1920x1080
Category: 📺央视频道, Name: CCTV-12, Total: 154, Valid: 69, Valid Percent: 44.81%, Whitelist: 0, IPv4: 6, IPv6: 148, Min Delay: 0.1 ms, Max Speed: 5.08 M/s, Avg Speed: 0.15 M/s, Max Resolution: 1920x1080
Category: 📺央视频道, Name: CCTV-13, Total: 167, Valid: 46, Valid Percent: 27.54%, Whitelist: 0, IPv4: 5, IPv6: 162, Min Delay: 0.1 ms, Max Speed: 2.54 M/s, Avg Speed: 0.08 M/s, Max Resolution: 1920x1080
Category: 📺央视频道, Name: CCTV-14, Total: 131, Valid: 46, Valid Percent: 35.11%, Whitelist: 0, IPv4: 9, IPv6: 122, Min Delay: 0.1 ms, Max Speed: 5.82 M/s, Avg Speed: 0.35 M/s, Max Resolution: 1920x1080
Category: 📺央视频道, Name: CCTV-15, Total: 149, Valid: 71, Valid Percent: 47.65%, Whitelist: 0, IPv4: 8, IPv6: 141, Min Delay: 0.1 ms, Max Speed: 4.57 M/s, Avg Speed: 0.09 M/s, Max Resolution: 1920x1080
Category: 📺央视频道, Name: CCTV-16, Total: 48, Valid: 26, Valid Percent: 54.17%, Whitelist: 0, IPv4: 3, IPv6: 45, Min Delay: 0.1 ms, Max Speed: 6.90 M/s, Avg Speed: 0.37 M/s, Max Resolution: 1920x1080
Category: 📺央视频道, Name: CCTV-17, Total: 133, Valid: 48, Valid Percent: 36.09%, Whitelist: 0, IPv4: 4, IPv6: 129, Min Delay: 0.1 ms, Max Speed: 3.84 M/s, Avg Speed: 0.24 M/s, Max Resolution: 1920x1080
Category: 📺央视频道, Name: CETV-1, Total: 129, Valid: 3, Valid Percent: 2.33%, Whitelist: 0, IPv4: 3, IPv6: 126, Min Delay: 626 ms, Max Speed: 8.35 M/s, Avg Speed: 7.46 M/s, Max Resolution: 1920x1080
Category: 📺央视频道, Name: CETV-2, Total: 108, Valid: 0, Valid Percent: 0.00%, Whitelist: 0, IPv4: 0, IPv6: 108, Min Delay: -1 ms, Max Speed: 0.00 M/s, Avg Speed: 0.00 M/s, Max Resolution: None
Category: 📺央视频道, Name: CETV-3, Total: 6, Valid: 0, Valid Percent: 0.00%, Whitelist: 0, IPv4: 0, IPv6: 6, Min Delay: -1 ms, Max Speed: 0.00 M/s, Avg Speed: 0.00 M/s, Max Resolution: None
Category: 📺央视频道, Name: CETV-4, Total: 106, Valid: 0, Valid Percent: 0.00%, Whitelist: 0, IPv4: 0, IPv6: 106, Min Delay: -1 ms, Max Speed: 0.00 M/s, Avg Speed: 0.00 M/s, Max Resolution: None
Category: 💰央视付费频道, Name: 文化精品, Total: 5, Valid: 2, Valid Percent: 40.00%, Whitelist: 0, IPv4: 2, IPv6: 3, Min Delay: 1551 ms, Max Speed: 3.21 M/s, Avg Speed: 1.85 M/s, Max Resolution: 1920x1080
Category: 💰央视付费频道, Name: 央视台球, Total: 5, Valid: 1, Valid Percent: 20.00%, Whitelist: 0, IPv4: 0, IPv6: 5, Min Delay: 0.1 ms, Max Speed: 0.00 M/s, Avg Speed: 0.00 M/s, Max Resolution: 1920x1080
Category: 💰央视付费频道, Name: 风云音乐, Total: 3, Valid: 0, Valid Percent: 0.00%, Whitelist: 0, IPv4: 0, IPv6: 3, Min Delay: -1 ms, Max Speed: 0.00 M/s, Avg Speed: 0.00 M/s, Max Resolution: None
Category: 💰央视付费频道, Name: 第一剧场, Total: 10, Valid: 1, Valid Percent: 10.00%, Whitelist: 0, IPv4: 1, IPv6: 9, Min Delay: 598 ms, Max Speed: 8.00 M/s, Avg Speed: 8.00 M/s, Max Resolution: 1920x1080
Category: 💰央视付费频道, Name: 风云剧场, Total: 7, Valid: 2, Valid Percent: 28.57%, Whitelist: 0, IPv4: 2, IPv6: 5, Min Delay: 624 ms, Max Speed: 7.29 M/s, Avg Speed: 7.25 M/s, Max Resolution: 1920x1080
Category: 💰央视付费频道, Name: 怀旧剧场, Total: 6, Valid: 1, Valid Percent: 16.67%, Whitelist: 0, IPv4: 1, IPv6: 5, Min Delay: 622 ms, Max Speed: 5.90 M/s, Avg Speed: 5.90 M/s, Max Resolution: 1920x1080
Category: 💰央视付费频道, Name: 女性时尚, Total: 4, Valid: 1, Valid Percent: 25.00%, Whitelist: 0, IPv4: 1, IPv6: 3, Min Delay: 573 ms, Max Speed: 5.52 M/s, Avg Speed: 5.52 M/s, Max Resolution: 1920x1080
Category: 💰央视付费频道, Name: 高尔夫网球, Total: 4, Valid: 1, Valid Percent: 25.00%, Whitelist: 0, IPv4: 1, IPv6: 3, Min Delay: 664 ms, Max Speed: 6.75 M/s, Avg Speed: 6.75 M/s, Max Resolution: 1920x1080
Category: 💰央视付费频道, Name: 风云足球, Total: 7, Valid: 4, Valid Percent: 57.14%, Whitelist: 0, IPv4: 0, IPv6: 7, Min Delay: 0.1 ms, Max Speed: 0.00 M/s, Avg Speed: 0.00 M/s, Max Resolution: 1920x1080
Category: 💰央视付费频道, Name: 电视指南, Total: 3, Valid: 1, Valid Percent: 33.33%, Whitelist: 0, IPv4: 1, IPv6: 2, Min Delay: 665 ms, Max Speed: 6.68 M/s, Avg Speed: 6.68 M/s, Max Resolution: 1920x1080
Category: 💰央视付费频道, Name: 世界地理, Total: 5, Valid: 3, Valid Percent: 60.00%, Whitelist: 0, IPv4: 2, IPv6: 3, Min Delay: 0.1 ms, Max Speed: 0.48 M/s, Avg Speed: 0.32 M/s, Max Resolution: 1920x1080
Category: 💰央视付费频道, Name: 兵器科技, Total: 3, Valid: 1, Valid Percent: 33.33%, Whitelist: 0, IPv4: 1, IPv6: 2, Min Delay: 617 ms, Max Speed: 7.22 M/s, Avg Speed: 7.22 M/s, Max Resolution: 1920x1080
Category: 📡卫视频道, Name: 广东卫视, Total: 149, Valid: 65, Valid Percent: 43.62%, Whitelist: 0, IPv4: 7, IPv6: 142, Min Delay: 0.1 ms, Max Speed: 6.92 M/s, Avg Speed: 0.23 M/s, Max Resolution: 1920x1080
Category: 📡卫视频道, Name: 香港卫视, Total: 13, Valid: 5, Valid Percent: 38.46%, Whitelist: 0, IPv4: 0, IPv6: 13, Min Delay: 0.1 ms, Max Speed: 0.00 M/s, Avg Speed: 0.00 M/s, Max Resolution: 1920x1080
Category: 📡卫视频道, Name: 浙江卫视, Total: 197, Valid: 74, Valid Percent: 37.56%, Whitelist: 0, IPv4: 6, IPv6: 191, Min Delay: 0.1 ms, Max Speed: 6.08 M/s, Avg Speed: 0.15 M/s, Max Resolution: 1920x1080
Category: 📡卫视频道, Name: 湖南卫视, Total: 199, Valid: 64, Valid Percent: 32.16%, Whitelist: 0, IPv4: 8, IPv6: 191, Min Delay: 0.1 ms, Max Speed: 7.76 M/s, Avg Speed: 0.22 M/s, Max Resolution: 1920x1080
Category: 📡卫视频道, Name: 北京卫视, Total: 153, Valid: 62, Valid Percent: 40.52%, Whitelist: 0, IPv4: 10, IPv6: 143, Min Delay: 0.1 ms, Max Speed: 6.88 M/s, Avg Speed: 0.37 M/s, Max Resolution: 1920x1080
Category: 📡卫视频道, Name: 湖北卫视, Total: 162, Valid: 80, Valid Percent: 49.38%, Whitelist: 0, IPv4: 10, IPv6: 152, Min Delay: 0.1 ms, Max Speed: 7.08 M/s, Avg Speed: 0.29 M/s, Max Resolution: 1920x1080
Category: 📡卫视频道, Name: 黑龙江卫视, Total: 93, Valid: 64, Valid Percent: 68.82%, Whitelist: 0, IPv4: 6, IPv6: 87, Min Delay: 0.1 ms, Max Speed: 4.98 M/s, Avg Speed: 0.10 M/s, Max Resolution: 1920x1080
Category: 📡卫视频道, Name: 安徽卫视, Total: 85, Valid: 65, Valid Percent: 76.47%, Whitelist: 0, IPv4: 7, IPv6: 78, Min Delay: 0.1 ms, Max Speed: 7.71 M/s, Avg Speed: 0.24 M/s, Max Resolution: 1920x1080
Category: 📡卫视频道, Name: 重庆卫视, Total: 96, Valid: 66, Valid Percent: 68.75%, Whitelist: 0, IPv4: 11, IPv6: 85, Min Delay: 0.1 ms, Max Speed: 5.98 M/s, Avg Speed: 0.29 M/s, Max Resolution: 1920x1080
Category: 📡卫视频道, Name: 东方卫视, Total: 154, Valid: 67, Valid Percent: 43.51%, Whitelist: 0, IPv4: 8, IPv6: 146, Min Delay: 0.1 ms, Max Speed: 5.71 M/s, Avg Speed: 0.24 M/s, Max Resolution: 1920x1080
Category: 📡卫视频道, Name: 东南卫视, Total: 80, Valid: 49, Valid Percent: 61.25%, Whitelist: 0, IPv4: 8, IPv6: 72, Min Delay: 0.1 ms, Max Speed: 5.35 M/s, Avg Speed: 0.23 M/s, Max Resolution: 1920x1080
Category: 📡卫视频道, Name: 甘肃卫视, Total: 45, Valid: 26, Valid Percent: 57.78%, Whitelist: 0, IPv4: 2, IPv6: 43, Min Delay: 0.1 ms, Max Speed: 5.78 M/s, Avg Speed: 0.23 M/s, Max Resolution: 1920x1080
Category: 📡卫视频道, Name: 广西卫视, Total: 57, Valid: 40, Valid Percent: 70.18%, Whitelist: 0, IPv4: 6, IPv6: 51, Min Delay: 0.1 ms, Max Speed: 5.83 M/s, Avg Speed: 0.15 M/s, Max Resolution: 1920x1080
Category: 📡卫视频道, Name: 贵州卫视, Total: 64, Valid: 43, Valid Percent: 67.19%, Whitelist: 0, IPv4: 9, IPv6: 55, Min Delay: 0.1 ms, Max Speed: 5.23 M/s, Avg Speed: 0.48 M/s, Max Resolution: 1920x1080
Category: 📡卫视频道, Name: 海南卫视, Total: 169, Valid: 38, Valid Percent: 22.49%, Whitelist: 0, IPv4: 1, IPv6: 168, Min Delay: 0.1 ms, Max Speed: 0.02 M/s, Avg Speed: 0.00 M/s, Max Resolution: 1920x1080
Category: 📡卫视频道, Name: 河北卫视, Total: 76, Valid: 44, Valid Percent: 57.89%, Whitelist: 0, IPv4: 3, IPv6: 73, Min Delay: 0.1 ms, Max Speed: 0.28 M/s, Avg Speed: 0.01 M/s, Max Resolution: 1920x1080
Category: 📡卫视频道, Name: 河南卫视, Total: 141, Valid: 57, Valid Percent: 40.43%, Whitelist: 0, IPv4: 8, IPv6: 133, Min Delay: 0.1 ms, Max Speed: 3.63 M/s, Avg Speed: 0.08 M/s, Max Resolution: 1920x1080
Category: 📡卫视频道, Name: 吉林卫视, Total: 142, Valid: 61, Valid Percent: 42.96%, Whitelist: 0, IPv4: 7, IPv6: 135, Min Delay: 0.1 ms, Max Speed: 6.35 M/s, Avg Speed: 0.22 M/s, Max Resolution: 1920x1080
Category: 📡卫视频道, Name: 江苏卫视, Total: 155, Valid: 71, Valid Percent: 45.81%, Whitelist: 0, IPv4: 8, IPv6: 147, Min Delay: 0.1 ms, Max Speed: 5.49 M/s, Avg Speed: 0.18 M/s, Max Resolution: 1920x1080
Category: 📡卫视频道, Name: 江西卫视, Total: 150, Valid: 68, Valid Percent: 45.33%, Whitelist: 0, IPv4: 4, IPv6: 146, Min Delay: 0.1 ms, Max Speed: 0.28 M/s, Avg Speed: 0.01 M/s, Max Resolution: 1920x1080
Category: 📡卫视频道, Name: 辽宁卫视, Total: 131, Valid: 45, Valid Percent: 34.35%, Whitelist: 0, IPv4: 6, IPv6: 125, Min Delay: 0.1 ms, Max Speed: 6.02 M/s, Avg Speed: 0.25 M/s, Max Resolution: 1920x1080
Category: 📡卫视频道, Name: 内蒙古卫视, Total: 94, Valid: 23, Valid Percent: 24.47%, Whitelist: 0, IPv4: 2, IPv6: 92, Min Delay: 0.1 ms, Max Speed: 5.36 M/s, Avg Speed: 0.27 M/s, Max Resolution: 1920x1080
Category: 📡卫视频道, Name: 宁夏卫视, Total: 82, Valid: 23, Valid Percent: 28.05%, Whitelist: 0, IPv4: 3, IPv6: 79, Min Delay: 0.1 ms, Max Speed: 5.50 M/s, Avg Speed: 0.58 M/s, Max Resolution: 1920x1080
Category: 📡卫视频道, Name: 青海卫视, Total: 110, Valid: 28, Valid Percent: 25.45%, Whitelist: 0, IPv4: 3, IPv6: 107, Min Delay: 0.1 ms, Max Speed: 6.25 M/s, Avg Speed: 0.23 M/s, Max Resolution: 1920x1080
Category: 📡卫视频道, Name: 山东卫视, Total: 72, Valid: 46, Valid Percent: 63.89%, Whitelist: 0, IPv4: 5, IPv6: 67, Min Delay: 0.1 ms, Max Speed: 3.66 M/s, Avg Speed: 0.10 M/s, Max Resolution: 1920x1080
Category: 📡卫视频道, Name: 山西卫视, Total: 36, Valid: 19, Valid Percent: 52.78%, Whitelist: 0, IPv4: 7, IPv6: 29, Min Delay: 0.1 ms, Max Speed: 5.67 M/s, Avg Speed: 0.62 M/s, Max Resolution: 1920x1080
Category: 📡卫视频道, Name: 陕西卫视, Total: 111, Valid: 31, Valid Percent: 27.93%, Whitelist: 0, IPv4: 9, IPv6: 102, Min Delay: 0.1 ms, Max Speed: 5.97 M/s, Avg Speed: 0.57 M/s, Max Resolution: 1920x1080
Category: 📡卫视频道, Name: 四川卫视, Total: 62, Valid: 38, Valid Percent: 61.29%, Whitelist: 0, IPv4: 8, IPv6: 54, Min Delay: 0.1 ms, Max Speed: 5.05 M/s, Avg Speed: 0.20 M/s, Max Resolution: 1920x1080
Category: 📡卫视频道, Name: 深圳卫视, Total: 64, Valid: 40, Valid Percent: 62.50%, Whitelist: 0, IPv4: 7, IPv6: 57, Min Delay: 0.1 ms, Max Speed: 102.75 M/s, Avg Speed: 6.41 M/s, Max Resolution: 1920x1080
Category: 📡卫视频道, Name: 三沙卫视, Total: 79, Valid: 12, Valid Percent: 15.19%, Whitelist: 0, IPv4: 1, IPv6: 78, Min Delay: 0.1 ms, Max Speed: 4.75 M/s, Avg Speed: 0.40 M/s, Max Resolution: 1920x1080
Category: 📡卫视频道, Name: 天津卫视, Total: 63, Valid: 43, Valid Percent: 68.25%, Whitelist: 0, IPv4: 3, IPv6: 60, Min Delay: 0.1 ms, Max Speed: 5.52 M/s, Avg Speed: 0.13 M/s, Max Resolution: 1920x1080
Category: 📡卫视频道, Name: 西藏卫视, Total: 37, Valid: 22, Valid Percent: 59.46%, Whitelist: 0, IPv4: 1, IPv6: 36, Min Delay: 0.1 ms, Max Speed: 5.48 M/s, Avg Speed: 0.25 M/s, Max Resolution: 1920x1080
Category: 📡卫视频道, Name: 新疆卫视, Total: 38, Valid: 22, Valid Percent: 57.89%, Whitelist: 0, IPv4: 1, IPv6: 37, Min Delay: 0.1 ms, Max Speed: 0.74 M/s, Avg Speed: 0.03 M/s, Max Resolution: 1920x1080
Category: 📡卫视频道, Name: 云南卫视, Total: 51, Valid: 31, Valid Percent: 60.78%, Whitelist: 0, IPv4: 7, IPv6: 44, Min Delay: 0.1 ms, Max Speed: 5.84 M/s, Avg Speed: 0.39 M/s, Max Resolution: 1920x1080
Category: 🌊港·澳·台, Name: 翡翠台, Total: 207, Valid: 17, Valid Percent: 8.21%, Whitelist: 0, IPv4: 3, IPv6: 204, Min Delay: 0.1 ms, Max Speed: 0.00 M/s, Avg Speed: 0.00 M/s, Max Resolution: 1920x1080
Category: 🌊港·澳·台, Name: 明珠台, Total: 101, Valid: 0, Valid Percent: 0.00%, Whitelist: 0, IPv4: 0, IPv6: 101, Min Delay: -1 ms, Max Speed: 0.00 M/s, Avg Speed: 0.00 M/s, Max Resolution: None
Category: 🌊港·澳·台, Name: 凤凰中文, Total: 158, Valid: 20, Valid Percent: 12.66%, Whitelist: 0, IPv4: 2, IPv6: 156, Min Delay: 0.1 ms, Max Speed: 0.12 M/s, Avg Speed: 0.01 M/s, Max Resolution: 1920x1080
Category: 🌊港·澳·台, Name: 凤凰资讯, Total: 171, Valid: 36, Valid Percent: 21.05%, Whitelist: 0, IPv4: 2, IPv6: 169, Min Delay: 0.1 ms, Max Speed: 0.47 M/s, Avg Speed: 0.01 M/s, Max Resolution: 1920x1080
Category: 🌊港·澳·台, Name: 凤凰香港, Total: 137, Valid: 15, Valid Percent: 10.95%, Whitelist: 0, IPv4: 0, IPv6: 137, Min Delay: 0.1 ms, Max Speed: 0.00 M/s, Avg Speed: 0.00 M/s, Max Resolution: 1920x1080
Category: 🌊港·澳·台, Name: 凤凰卫视, Total: 7, Valid: 4, Valid Percent: 57.14%, Whitelist: 0, IPv4: 0, IPv6: 7, Min Delay: 0.1 ms, Max Speed: 0.00 M/s, Avg Speed: 0.00 M/s, Max Resolution: 1920x1080
Category: 🌊港·澳·台, Name: TVBS亚洲, Total: 3, Valid: 2, Valid Percent: 66.67%, Whitelist: 0, IPv4: 1, IPv6: 2, Min Delay: 0.1 ms, Max Speed: 1.45 M/s, Avg Speed: 0.72 M/s, Max Resolution: 1920x1080
Category: 🌊港·澳·台, Name: 香港卫视, Total: 13, Valid: 5, Valid Percent: 38.46%, Whitelist: 0, IPv4: 0, IPv6: 13, Min Delay: 0.1 ms, Max Speed: 0.00 M/s, Avg Speed: 0.00 M/s, Max Resolution: 1920x1080
Category: 🌊港·澳·台, Name: 纬来体育, Total: 8, Valid: 5, Valid Percent: 62.50%, Whitelist: 0, IPv4: 0, IPv6: 8, Min Delay: 0.1 ms, Max Speed: 0.00 M/s, Avg Speed: 0.00 M/s, Max Resolution: 1920x1080
Category: 🌊港·澳·台, Name: 纬来育乐, Total: 12, Valid: 1, Valid Percent: 8.33%, Whitelist: 0, IPv4: 1, IPv6: 11, Min Delay: 581 ms, Max Speed: 0.58 M/s, Avg Speed: 0.58 M/s, Max Resolution: 1280x720
Category: 🌊港·澳·台, Name: J2, Total: 2, Valid: 1, Valid Percent: 50.00%, Whitelist: 0, IPv4: 0, IPv6: 2, Min Delay: 0.1 ms, Max Speed: 0.00 M/s, Avg Speed: 0.00 M/s, Max Resolution: 1920x1080
Category: 🌊港·澳·台, Name: Viutv, Total: 6, Valid: 1, Valid Percent: 16.67%, Whitelist: 0, IPv4: 0, IPv6: 6, Min Delay: 0.1 ms, Max Speed: 0.00 M/s, Avg Speed: 0.00 M/s, Max Resolution: 1920x1080
Category: 🌊港·澳·台, Name: 三立台湾, Total: 1, Valid: 1, Valid Percent: 100.00%, Whitelist: 0, IPv4: 0, IPv6: 1, Min Delay: 0.1 ms, Max Speed: 0.00 M/s, Avg Speed: 0.00 M/s, Max Resolution: 1920x1080
Category: 🌊港·澳·台, Name: 无线新闻, Total: 5, Valid: 5, Valid Percent: 100.00%, Whitelist: 0, IPv4: 0, IPv6: 5, Min Delay: 0.1 ms, Max Speed: 0.00 M/s, Avg Speed: 0.00 M/s, Max Resolution: 1920x1080
Category: 🌊港·澳·台, Name: 三立新闻, Total: 9, Valid: 5, Valid Percent: 55.56%, Whitelist: 0, IPv4: 0, IPv6: 9, Min Delay: 0.1 ms, Max Speed: 0.00 M/s, Avg Speed: 0.00 M/s, Max Resolution: 1920x1080
Category: 🌊港·澳·台, Name: 东森综合, Total: 2, Valid: 1, Valid Percent: 50.00%, Whitelist: 0, IPv4: 0, IPv6: 2, Min Delay: 0.1 ms, Max Speed: 0.00 M/s, Avg Speed: 0.00 M/s, Max Resolution: 1920x1080
Category: 🌊港·澳·台, Name: 东森超视, Total: 11, Valid: 6, Valid Percent: 54.55%, Whitelist: 0, IPv4: 1, IPv6: 10, Min Delay: 0.1 ms, Max Speed: 1.33 M/s, Avg Speed: 0.22 M/s, Max Resolution: 1920x1080
Category: 🌊港·澳·台, Name: 东森电影, Total: 6, Valid: 4, Valid Percent: 66.67%, Whitelist: 0, IPv4: 0, IPv6: 6, Min Delay: 0.1 ms, Max Speed: 0.00 M/s, Avg Speed: 0.00 M/s, Max Resolution: 1920x1080
Category: 🌊港·澳·台, Name: Now剧集, Total: 1, Valid: 0, Valid Percent: 0.00%, Whitelist: 0, IPv4: 0, IPv6: 1, Min Delay: -1 ms, Max Speed: 0.00 M/s, Avg Speed: 0.00 M/s, Max Resolution: None
Category: 🌊港·澳·台, Name: 靖天资讯, Total: 27, Valid: 0, Valid Percent: 0.00%, Whitelist: 0, IPv4: 0, IPv6: 27, Min Delay: -1 ms, Max Speed: 0.00 M/s, Avg Speed: 0.00 M/s, Max Resolution: None
Category: 🎬电影频道, Name: CHC家庭影院, Total: 47, Valid: 9, Valid Percent: 19.15%, Whitelist: 0, IPv4: 0, IPv6: 47, Min Delay: 0.1 ms, Max Speed: 0.00 M/s, Avg Speed: 0.00 M/s, Max Resolution: 1920x1080
Category: 🎬电影频道, Name: CHC动作电影, Total: 45, Valid: 17, Valid Percent: 37.78%, Whitelist: 0, IPv4: 0, IPv6: 45, Min Delay: 0.1 ms, Max Speed: 0.00 M/s, Avg Speed: 0.00 M/s, Max Resolution: 1920x1080
Category: 🎬电影频道, Name: CHC高清电影, Total: 5, Valid: 2, Valid Percent: 40.00%, Whitelist: 0, IPv4: 5, IPv6: 0, Min Delay: 10003 ms, Max Speed: 0.31 M/s, Avg Speed: 0.19 M/s, Max Resolution: 1920x1080
Category: 🎬电影频道, Name: 淘剧场, Total: 5, Valid: 2, Valid Percent: 40.00%, Whitelist: 0, IPv4: 0, IPv6: 5, Min Delay: 0.1 ms, Max Speed: 0.00 M/s, Avg Speed: 0.00 M/s, Max Resolution: 1920x1080
Category: 🎬电影频道, Name: 淘娱乐, Total: 5, Valid: 2, Valid Percent: 40.00%, Whitelist: 0, IPv4: 0, IPv6: 5, Min Delay: 0.1 ms, Max Speed: 0.00 M/s, Avg Speed: 0.00 M/s, Max Resolution: 1920x1080
Category: 🎬电影频道, Name: 淘电影, Total: 17, Valid: 17, Valid Percent: 100.00%, Whitelist: 0, IPv4: 0, IPv6: 17, Min Delay: 0.1 ms, Max Speed: 0.00 M/s, Avg Speed: 0.00 M/s, Max Resolution: 1920x1080
Category: 🎬电影频道, Name: NewTV惊悚悬疑, Total: 11, Valid: 3, Valid Percent: 27.27%, Whitelist: 0, IPv4: 2, IPv6: 9, Min Delay: 0.1 ms, Max Speed: 58.13 M/s, Avg Speed: 34.33 M/s, Max Resolution: 1920x1080
Category: 🎬电影频道, Name: NewTV动作电影, Total: 3, Valid: 1, Valid Percent: 33.33%, Whitelist: 0, IPv4: 0, IPv6: 3, Min Delay: 0.1 ms, Max Speed: 0.00 M/s, Avg Speed: 0.00 M/s, Max Resolution: 1920x1080
Category: 🎬电影频道, Name: 黑莓电影, Total: 13, Valid: 9, Valid Percent: 69.23%, Whitelist: 0, IPv4: 0, IPv6: 13, Min Delay: 0.1 ms, Max Speed: 0.00 M/s, Avg Speed: 0.00 M/s, Max Resolution: 1920x1080
Category: 🎬电影频道, Name: 纬来电影, Total: 25, Valid: 1, Valid Percent: 4.00%, Whitelist: 0, IPv4: 1, IPv6: 24, Min Delay: 552 ms, Max Speed: 2.02 M/s, Avg Speed: 2.02 M/s, Max Resolution: 1280x720
Category: 🎬电影频道, Name: 靖天映画, Total: 11, Valid: 1, Valid Percent: 9.09%, Whitelist: 0, IPv4: 1, IPv6: 10, Min Delay: 602 ms, Max Speed: 1.94 M/s, Avg Speed: 1.94 M/s, Max Resolution: 1920x1080
Category: 🎬电影频道, Name: 靖天戏剧, Total: 28, Valid: 1, Valid Percent: 3.57%, Whitelist: 0, IPv4: 0, IPv6: 28, Min Delay: 0.1 ms, Max Speed: 0.00 M/s, Avg Speed: 0.00 M/s, Max Resolution: 1920x1080
Category: 🎬电影频道, Name: 经典电影, Total: 9, Valid: 6, Valid Percent: 66.67%, Whitelist: 0, IPv4: 0, IPv6: 9, Min Delay: 0.1 ms, Max Speed: 0.00 M/s, Avg Speed: 0.00 M/s, Max Resolution: 1920x1080
Category: 🎬电影频道, Name: IPTV经典电影, Total: 1, Valid: 1, Valid Percent: 100.00%, Whitelist: 0, IPv4: 1, IPv6: 0, Min Delay: 391 ms, Max Speed: 0.01 M/s, Avg Speed: 0.01 M/s, Max Resolution: 1920x1080
Category: 🎬电影频道, Name: 天映经典, Total: 30, Valid: 1, Valid Percent: 3.33%, Whitelist: 0, IPv4: 1, IPv6: 29, Min Delay: 320 ms, Max Speed: 0.37 M/s, Avg Speed: 0.37 M/s, Max Resolution: 1920x1080
Category: 🎬电影频道, Name: 无线星河, Total: 9, Valid: 1, Valid Percent: 11.11%, Whitelist: 0, IPv4: 0, IPv6: 9, Min Delay: 0.1 ms, Max Speed: 0.00 M/s, Avg Speed: 0.00 M/s, Max Resolution: 1920x1080
Category: 🎬电影频道, Name: 星空卫视, Total: 4, Valid: 1, Valid Percent: 25.00%, Whitelist: 0, IPv4: 0, IPv6: 4, Min Delay: 0.1 ms, Max Speed: 0.00 M/s, Avg Speed: 0.00 M/s, Max Resolution: 1920x1080
Category: 🎬电影频道, Name: 东森电影, Total: 6, Valid: 4, Valid Percent: 66.67%, Whitelist: 0, IPv4: 0, IPv6: 6, Min Delay: 0.1 ms, Max Speed: 0.00 M/s, Avg Speed: 0.00 M/s, Max Resolution: 1920x1080
Category: 🎬电影频道, Name: 龙祥电影, Total: 3, Valid: 1, Valid Percent: 33.33%, Whitelist: 0, IPv4: 1, IPv6: 2, Min Delay: 553 ms, Max Speed: 1.63 M/s, Avg Speed: 1.63 M/s, Max Resolution: 1280x720
Category: 🎬电影频道, Name: 东森洋片, Total: 16, Valid: 1, Valid Percent: 6.25%, Whitelist: 0, IPv4: 1, IPv6: 15, Min Delay: 952 ms, Max Speed: 0.03 M/s, Avg Speed: 0.03 M/s, Max Resolution: 1280x720
Category: 🎬电影频道, Name: 东森超视, Total: 10, Valid: 5, Valid Percent: 50.00%, Whitelist: 0, IPv4: 0, IPv6: 10, Min Delay: 0.1 ms, Max Speed: 0.00 M/s, Avg Speed: 0.00 M/s, Max Resolution: 1920x1080
Category: 🏀体育频道, Name: CCTV-5, Total: 195, Valid: 37, Valid Percent: 18.97%, Whitelist: 0, IPv4: 0, IPv6: 195, Min Delay: 0.1 ms, Max Speed: 0.00 M/s, Avg Speed: 0.00 M/s, Max Resolution: 1920x1080
Category: 🏀体育频道, Name: CCTV-5+, Total: 62, Valid: 41, Valid Percent: 66.13%, Whitelist: 0, IPv4: 0, IPv6: 62, Min Delay: 0.1 ms, Max Speed: 0.00 M/s, Avg Speed: 0.00 M/s, Max Resolution: 1920x1080
Category: 🏀体育频道, Name: 广东体育, Total: 145, Valid: 10, Valid Percent: 6.90%, Whitelist: 0, IPv4: 1, IPv6: 144, Min Delay: 0.1 ms, Max Speed: 4.57 M/s, Avg Speed: 0.46 M/s, Max Resolution: 1920x1080
Category: 🏀体育频道, Name: 纬来体育, Total: 8, Valid: 5, Valid Percent: 62.50%, Whitelist: 0, IPv4: 0, IPv6: 8, Min Delay: 0.1 ms, Max Speed: 0.00 M/s, Avg Speed: 0.00 M/s, Max Resolution: 1920x1080
Category: 🏀体育频道, Name: 五星体育, Total: 78, Valid: 19, Valid Percent: 24.36%, Whitelist: 0, IPv4: 1, IPv6: 77, Min Delay: 0.1 ms, Max Speed: 5.74 M/s, Avg Speed: 0.30 M/s, Max Resolution: 1920x1080
Category: 🏀体育频道, Name: 劲爆体育, Total: 8, Valid: 8, Valid Percent: 100.00%, Whitelist: 0, IPv4: 0, IPv6: 8, Min Delay: 0.1 ms, Max Speed: 0.00 M/s, Avg Speed: 0.00 M/s, Max Resolution: 1920x1080
Category: 🏀体育频道, Name: 爱体育, Total: 5, Valid: 4, Valid Percent: 80.00%, Whitelist: 0, IPv4: 0, IPv6: 5, Min Delay: 0.1 ms, Max Speed: 0.00 M/s, Avg Speed: 0.00 M/s, Max Resolution: 1920x1080
Category: 🏀体育频道, Name: 超级体育, Total: 7, Valid: 6, Valid Percent: 85.71%, Whitelist: 0, IPv4: 0, IPv6: 7, Min Delay: 0.1 ms, Max Speed: 0.00 M/s, Avg Speed: 0.00 M/s, Max Resolution: 1920x1080
Category: 🏀体育频道, Name: 精品体育, Total: 7, Valid: 5, Valid Percent: 71.43%, Whitelist: 0, IPv4: 0, IPv6: 7, Min Delay: 0.1 ms, Max Speed: 0.00 M/s, Avg Speed: 0.00 M/s, Max Resolution: 1920x1080
Category: 🏀体育频道, Name: 广州竞赛, Total: 21, Valid: 10, Valid Percent: 47.62%, Whitelist: 0, IPv4: 0, IPv6: 21, Min Delay: 0.1 ms, Max Speed: 0.00 M/s, Avg Speed: 0.00 M/s, Max Resolution: 1920x1080
Category: 🏀体育频道, Name: 辽宁体育, Total: 2, Valid: 2, Valid Percent: 100.00%, Whitelist: 0, IPv4: 0, IPv6: 2, Min Delay: 0.1 ms, Max Speed: 0.00 M/s, Avg Speed: 0.00 M/s, Max Resolution: 1920x1080
Category: 🏀体育频道, Name: 山东体育, Total: 13, Valid: 11, Valid Percent: 84.62%, Whitelist: 0, IPv4: 1, IPv6: 12, Min Delay: 0.1 ms, Max Speed: 0.73 M/s, Avg Speed: 0.07 M/s, Max Resolution: 1920x1080
Category: 🏀体育频道, Name: 天津体育, Total: 1, Valid: 1, Valid Percent: 100.00%, Whitelist: 0, IPv4: 1, IPv6: 0, Min Delay: 1041 ms, Max Speed: 0.81 M/s, Avg Speed: 0.81 M/s, Max Resolution: 1920x1080
Category: 🏀体育频道, Name: 江苏体育, Total: 24, Valid: 0, Valid Percent: 0.00%, Whitelist: 0, IPv4: 0, IPv6: 24, Min Delay: -1 ms, Max Speed: 0.00 M/s, Avg Speed: 0.00 M/s, Max Resolution: None
Category: 🏀体育频道, Name: 安徽综艺体育, Total: 5, Valid: 4, Valid Percent: 80.00%, Whitelist: 0, IPv4: 0, IPv6: 5, Min Delay: 0.1 ms, Max Speed: 0.00 M/s, Avg Speed: 0.00 M/s, Max Resolution: 1920x1080
Category: 🏀体育频道, Name: 睛彩篮球, Total: 2, Valid: 1, Valid Percent: 50.00%, Whitelist: 0, IPv4: 0, IPv6: 2, Min Delay: 0.1 ms, Max Speed: 0.00 M/s, Avg Speed: 0.00 M/s, Max Resolution: 1920x1080
Category: 🏀体育频道, Name: 睛彩广场舞, Total: 10, Valid: 0, Valid Percent: 0.00%, Whitelist: 0, IPv4: 0, IPv6: 10, Min Delay: -1 ms, Max Speed: 0.00 M/s, Avg Speed: 0.00 M/s, Max Resolution: None
Category: 🏀体育频道, Name: 风云足球, Total: 7, Valid: 4, Valid Percent: 57.14%, Whitelist: 0, IPv4: 0, IPv6: 7, Min Delay: 0.1 ms, Max Speed: 0.00 M/s, Avg Speed: 0.00 M/s, Max Resolution: 1920x1080
Category: 🏀体育频道, Name: 足球频道, Total: 1, Valid: 0, Valid Percent: 0.00%, Whitelist: 0, IPv4: 0, IPv6: 1, Min Delay: -1 ms, Max Speed: 0.00 M/s, Avg Speed: 0.00 M/s, Max Resolution: None
Category: 🏀体育频道, Name: 魅力足球, Total: 13, Valid: 10, Valid Percent: 76.92%, Whitelist: 0, IPv4: 0, IPv6: 13, Min Delay: 0.1 ms, Max Speed: 0.00 M/s, Avg Speed: 0.00 M/s, Max Resolution: 1920x1080
Category: 🏀体育频道, Name: 天元围棋, Total: 3, Valid: 2, Valid Percent: 66.67%, Whitelist: 0, IPv4: 2, IPv6: 1, Min Delay: 723 ms, Max Speed: 5.47 M/s, Avg Speed: 5.38 M/s, Max Resolution: 1920x1080
Category: 🏀体育频道, Name: 快乐垂钓, Total: 51, Valid: 1, Valid Percent: 1.96%, Whitelist: 0, IPv4: 0, IPv6: 51, Min Delay: 0.1 ms, Max Speed: 0.00 M/s, Avg Speed: 0.00 M/s, Max Resolution: 1920x1080
Category: 🏀体育频道, Name: JJ斗地主, Total: 1, Valid: 0, Valid Percent: 0.00%, Whitelist: 0, IPv4: 0, IPv6: 1, Min Delay: -1 ms, Max Speed: 0.00 M/s, Avg Speed: 0.00 M/s, Max Resolution: None
Category: 🪁动画频道, Name: 少儿动画, Total: 9, Valid: 0, Valid Percent: 0.00%, Whitelist: 0, IPv4: 9, IPv6: 0, Min Delay: 10003 ms, Max Speed: 0.00 M/s, Avg Speed: 0.00 M/s, Max Resolution: None
Category: 🪁动画频道, Name: 卡酷动画, Total: 11, Valid: 0, Valid Percent: 0.00%, Whitelist: 0, IPv4: 0, IPv6: 11, Min Delay: -1 ms, Max Speed: 0.00 M/s, Avg Speed: 0.00 M/s, Max Resolution: None
Category: 🪁动画频道, Name: 动漫秀场, Total: 19, Valid: 15, Valid Percent: 78.95%, Whitelist: 0, IPv4: 0, IPv6: 19, Min Delay: 0.1 ms, Max Speed: 0.00 M/s, Avg Speed: 0.00 M/s, Max Resolution: 1920x1080
Category: 🪁动画频道, Name: 新动漫, Total: 49, Valid: 0, Valid Percent: 0.00%, Whitelist: 0, IPv4: 0, IPv6: 49, Min Delay: -1 ms, Max Speed: 0.00 M/s, Avg Speed: 0.00 M/s, Max Resolution: None
Category: 🪁动画频道, Name: 青春动漫, Total: 2, Valid: 2, Valid Percent: 100.00%, Whitelist: 0, IPv4: 0, IPv6: 2, Min Delay: 0.1 ms, Max Speed: 0.00 M/s, Avg Speed: 0.00 M/s, Max Resolution: 1920x1080
Category: 🪁动画频道, Name: 爱动漫, Total: 5, Valid: 4, Valid Percent: 80.00%, Whitelist: 0, IPv4: 0, IPv6: 5, Min Delay: 0.1 ms, Max Speed: 0.00 M/s, Avg Speed: 0.00 M/s, Max Resolution: 1920x1080
Category: 🪁动画频道, Name: 宝宝动画, Total: 1, Valid: 1, Valid Percent: 100.00%, Whitelist: 0, IPv4: 0, IPv6: 1, Min Delay: 0.1 ms, Max Speed: 0.00 M/s, Avg Speed: 0.00 M/s, Max Resolution: 1920x1080
Category: 🪁动画频道, Name: CN卡通, Total: 3, Valid: 2, Valid Percent: 66.67%, Whitelist: 0, IPv4: 0, IPv6: 3, Min Delay: 0.1 ms, Max Speed: 0.00 M/s, Avg Speed: 0.00 M/s, Max Resolution: 1920x1080
Category: 🪁动画频道, Name: 优漫卡通, Total: 65, Valid: 12, Valid Percent: 18.46%, Whitelist: 0, IPv4: 0, IPv6: 65, Min Delay: 0.1 ms, Max Speed: 0.00 M/s, Avg Speed: 0.00 M/s, Max Resolution: 1920x1080
Category: 🪁动画频道, Name: 金鹰卡通, Total: 46, Valid: 37, Valid Percent: 80.43%, Whitelist: 0, IPv4: 5, IPv6: 41, Min Delay: 0.1 ms, Max Speed: 0.75 M/s, Avg Speed: 0.06 M/s, Max Resolution: 1920x1080
Category: 🪁动画频道, Name: 黑莓动画, Total: 8, Valid: 6, Valid Percent: 75.00%, Whitelist: 0, IPv4: 0, IPv6: 8, Min Delay: 0.1 ms, Max Speed: 0.00 M/s, Avg Speed: 0.00 M/s, Max Resolution: 1920x1080
Category: 🪁动画频道, Name: 炫动卡通, Total: 10, Valid: 0, Valid Percent: 0.00%, Whitelist: 0, IPv4: 0, IPv6: 10, Min Delay: -1 ms, Max Speed: 0.00 M/s, Avg Speed: 0.00 M/s, Max Resolution: None
Category: 🪁动画频道, Name: 浙江少儿, Total: 14, Valid: 12, Valid Percent: 85.71%, Whitelist: 0, IPv4: 0, IPv6: 14, Min Delay: 0.1 ms, Max Speed: 0.00 M/s, Avg Speed: 0.00 M/s, Max Resolution: 1920x1080
Category: 🪁动画频道, Name: 河北少儿科教, Total: 11, Valid: 8, Valid Percent: 72.73%, Whitelist: 0, IPv4: 0, IPv6: 11, Min Delay: 0.1 ms, Max Speed: 0.00 M/s, Avg Speed: 0.00 M/s, Max Resolution: 1920x1080
Category: 🪁动画频道, Name: 七龙珠, Total: 3, Valid: 0, Valid Percent: 0.00%, Whitelist: 0, IPv4: 0, IPv6: 3, Min Delay: -1 ms, Max Speed: 0.00 M/s, Avg Speed: 0.00 M/s, Max Resolution: None
Category: 🪁动画频道, Name: 火影忍者, Total: 1, Valid: 0, Valid Percent: 0.00%, Whitelist: 0, IPv4: 0, IPv6: 1, Min Delay: -1 ms, Max Speed: 0.00 M/s, Avg Speed: 0.00 M/s, Max Resolution: None
Category: 🪁动画频道, Name: 海绵宝宝, Total: 1, Valid: 1, Valid Percent: 100.00%, Whitelist: 0, IPv4: 0, IPv6: 1, Min Delay: 0.1 ms, Max Speed: 0.00 M/s, Avg Speed: 0.00 M/s, Max Resolution: 1920x1080
Category: 🪁动画频道, Name: 中华小当家, Total: 4, Valid: 2, Valid Percent: 50.00%, Whitelist: 0, IPv4: 0, IPv6: 4, Min Delay: 0.1 ms, Max Speed: 0.00 M/s, Avg Speed: 0.00 M/s, Max Resolution: 1920x1080
Category: 🪁动画频道, Name: 猫和老鼠, Total: 5, Valid: 2, Valid Percent: 40.00%, Whitelist: 0, IPv4: 0, IPv6: 5, Min Delay: 0.1 ms, Max Speed: 0.00 M/s, Avg Speed: 0.00 M/s, Max Resolution: 1920x1080
Category: 🪁动画频道, Name: 经典动漫, Total: 2, Valid: 2, Valid Percent: 100.00%, Whitelist: 0, IPv4: 0, IPv6: 2, Min Delay: 0.1 ms, Max Speed: 0.00 M/s, Avg Speed: 0.00 M/s, Max Resolution: 1920x1080
Category: 🪁动画频道, Name: 蜡笔小新, Total: 1, Valid: 0, Valid Percent: 0.00%, Whitelist: 0, IPv4: 0, IPv6: 1, Min Delay: -1 ms, Max Speed: 0.00 M/s, Avg Speed: 0.00 M/s, Max Resolution: None
Category: 🪁动画频道, Name: 漫画解说, Total: 4, Valid: 2, Valid Percent: 50.00%, Whitelist: 0, IPv4: 0, IPv6: 4, Min Delay: 0.1 ms, Max Speed: 0.00 M/s, Avg Speed: 0.00 M/s, Max Resolution: 1920x1080
Category: 🎮游戏频道, Name: 游戏风云, Total: 6, Valid: 6, Valid Percent: 100.00%, Whitelist: 0, IPv4: 0, IPv6: 6, Min Delay: 0.1 ms, Max Speed: 0.00 M/s, Avg Speed: 0.00 M/s, Max Resolution: 1920x1080
Category: 🎮游戏频道, Name: 电竞天堂, Total: 1, Valid: 1, Valid Percent: 100.00%, Whitelist: 0, IPv4: 0, IPv6: 1, Min Delay: 0.1 ms, Max Speed: 0.00 M/s, Avg Speed: 0.00 M/s, Max Resolution: 1920x1080
Category: 🎮游戏频道, Name: 爱电竞, Total: 1, Valid: 1, Valid Percent: 100.00%, Whitelist: 0, IPv4: 0, IPv6: 1, Min Delay: 0.1 ms, Max Speed: 0.00 M/s, Avg Speed: 0.00 M/s, Max Resolution: 1920x1080
Category: 🎵音乐频道, Name: CCTV-15, Total: 141, Valid: 63, Valid Percent: 44.68%, Whitelist: 0, IPv4: 0, IPv6: 141, Min Delay: 0.1 ms, Max Speed: 0.00 M/s, Avg Speed: 0.00 M/s, Max Resolution: 1920x1080
Category: 🎵音乐频道, Name: 风云音乐, Total: 3, Valid: 0, Valid Percent: 0.00%, Whitelist: 0, IPv4: 0, IPv6: 3, Min Delay: -1 ms, Max Speed: 0.00 M/s, Avg Speed: 0.00 M/s, Max Resolution: None
Category: 🎵音乐频道, Name: 音乐现场, Total: 2, Valid: 2, Valid Percent: 100.00%, Whitelist: 0, IPv4: 2, IPv6: 0, Min Delay: 132 ms, Max Speed: 0.77 M/s, Avg Speed: 0.69 M/s, Max Resolution: None
Category: 🎵音乐频道, Name: 潮流音乐, Total: 1, Valid: 1, Valid Percent: 100.00%, Whitelist: 0, IPv4: 1, IPv6: 0, Min Delay: 10956 ms, Max Speed: 0.03 M/s, Avg Speed: 0.03 M/s, Max Resolution: None
Category: 🎵音乐频道, Name: 音乐广播, Total: 36, Valid: 0, Valid Percent: 0.00%, Whitelist: 0, IPv4: 0, IPv6: 36, Min Delay: -1 ms, Max Speed: 0.00 M/s, Avg Speed: 0.00 M/s, Max Resolution: None
Category: 🏛经典剧场, Name: 笑傲江湖, Total: 9, Valid: 3, Valid Percent: 33.33%, Whitelist: 0, IPv4: 0, IPv6: 9, Min Delay: 0.1 ms, Max Speed: 0.00 M/s, Avg Speed: 0.00 M/s, Max Resolution: 1920x1080
Category: 🏛经典剧场, Name: 天龙八部, Total: 8, Valid: 4, Valid Percent: 50.00%, Whitelist: 0, IPv4: 0, IPv6: 8, Min Delay: 0.1 ms, Max Speed: 0.00 M/s, Avg Speed: 0.00 M/s, Max Resolution: 1920x1080
Category: 🏛经典剧场, Name: 鹿鼎记, Total: 2, Valid: 1, Valid Percent: 50.00%, Whitelist: 0, IPv4: 0, IPv6: 2, Min Delay: 0.1 ms, Max Speed: 0.00 M/s, Avg Speed: 0.00 M/s, Max Resolution: 1920x1080
Category: 🏛经典剧场, Name: 仙剑奇侠传, Total: 2, Valid: 1, Valid Percent: 50.00%, Whitelist: 0, IPv4: 0, IPv6: 2, Min Delay: 0.1 ms, Max Speed: 0.00 M/s, Avg Speed: 0.00 M/s, Max Resolution: 1920x1080
Category: 🏛经典剧场, Name: 西游记, Total: 8, Valid: 1, Valid Percent: 12.50%, Whitelist: 0, IPv4: 1, IPv6: 7, Min Delay: 711 ms, Max Speed: 3.76 M/s, Avg Speed: 3.76 M/s, Max Resolution: 1920x1080
Category: 🏛经典剧场, Name: 三国演义, Total: 5, Valid: 2, Valid Percent: 40.00%, Whitelist: 0, IPv4: 0, IPv6: 5, Min Delay: 0.1 ms, Max Speed: 0.00 M/s, Avg Speed: 0.00 M/s, Max Resolution: 1920x1080
Category: 🏛经典剧场, Name: 水浒传, Total: 3, Valid: 1, Valid Percent: 33.33%, Whitelist: 0, IPv4: 0, IPv6: 3, Min Delay: 0.1 ms, Max Speed: 0.00 M/s, Avg Speed: 0.00 M/s, Max Resolution: 1920x1080
Category: 🏛经典剧场, Name: 新白娘子传奇, Total: 5, Valid: 4, Valid Percent: 80.00%, Whitelist: 0, IPv4: 0, IPv6: 5, Min Delay: 0.1 ms, Max Speed: 0.00 M/s, Avg Speed: 0.00 M/s, Max Resolution: 1920x1080
Category: 🏛经典剧场, Name: 济公游记, Total: 1, Valid: 1, Valid Percent: 100.00%, Whitelist: 0, IPv4: 0, IPv6: 1, Min Delay: 0.1 ms, Max Speed: 0.00 M/s, Avg Speed: 0.00 M/s, Max Resolution: 1920x1080
Category: 🏛经典剧场, Name: 封神榜, Total: 6, Valid: 3, Valid Percent: 50.00%, Whitelist: 0, IPv4: 0, IPv6: 6, Min Delay: 0.1 ms, Max Speed: 0.00 M/s, Avg Speed: 0.00 M/s, Max Resolution: 1920x1080
Category: 🏛经典剧场, Name: 闯关东, Total: 1, Valid: 1, Valid Percent: 100.00%, Whitelist: 0, IPv4: 1, IPv6: 0, Min Delay: 870 ms, Max Speed: 6.35 M/s, Avg Speed: 6.35 M/s, Max Resolution: 1920x1080
Category: 🏛经典剧场, Name: 上海滩, Total: 2, Valid: 2, Valid Percent: 100.00%, Whitelist: 0, IPv4: 0, IPv6: 2, Min Delay: 0.1 ms, Max Speed: 0.00 M/s, Avg Speed: 0.00 M/s, Max Resolution: 1920x1080
Category: 🏛经典剧场, Name: 射雕英雄传, Total: 4, Valid: 1, Valid Percent: 25.00%, Whitelist: 0, IPv4: 0, IPv6: 4, Min Delay: 0.1 ms, Max Speed: 0.00 M/s, Avg Speed: 0.00 M/s, Max Resolution: 1920x1080
